[backblue.gif]
[fade.gif]
[index.html]
[nemfa.org/docs/join.pdf]
[nemfa.org/images/nav_bullet.gif]
[nemfa.org/images/btn_spec_notice.gif]
[nemfa.org/images/btn_se_search.gif]
[nemfa.org/images/btn_search2.gif]
[nemfa.org/images/btn_starthere.gif]
[nemfa.org/images/hm1.jpg]
[nemfa.org/images/btn_calendar.gif]
[nemfa.org/docs/NEMFA.2014.2015.Calendar.pdf]
[nemfa.org/images/btn_view_calendar.gif]
[nemfa.org/images/hm_se.jpg]
[nemfa.org/images/ttl_solo.gif]
[nemfa.org/images/btn_hm_more.gif]
[nemfa.org/images/hm_cn.jpg]
[nemfa.org/images/ttl_concert.gif]
[nemfa.org/index.html]
[nemfa.org/images/toplogo.gif]
[nemfa.org/style.css]
[nemfa.org/Page0f70.html]
[nemfa.org/Page5990.html]
[nemfa.org/links.html]
[nemfa.org/FAQ.html]
[nemfa.org/People.html]
[nemfa.org/docs/9.2013.NEMFA.Bulletin.Color.opt.pdf]
[nemfa.org/docs/September 2006 Bulletin.pdf]
[nemfa.org/docs/December.2006.Bulletin.pdf]
[nemfa.org/docs/February.2007.Bulletin.pdf]
[nemfa.org/docs/June.2007.Bulletin.without.addresses.pdf]
[nemfa.org/docs/October.2007.pdf]
[nemfa.org/docs/NEMFA.January.February.Bulletin.2008.pdf]
[nemfa.org/docs/NEMFA.June.2008.Bulletin.pdf]
[nemfa.org/docs/NEMFA.September.2008.smaller.pdf]
[nemfa.org/docs/January2009.pdf]
[nemfa.org/docs/June2009.pdf]
[nemfa.org/docs/NEMFA.Revised.9.2009.2.pdf]
[nemfa.org/docs/NEMFA.Web.News.Bulletin.February.2009.Archive.pdf]
[nemfa.org/docs/NEMFA Webnews Bulletin August 2010.pdf]
[nemfa.org/docs/opt.NEMFA WEB NEWS-BULLETIN.b.October.2010.pdf]
[nemfa.org/docs/NEMFA.Bulletin.2.2011.opt.pdf]
[nemfa.org/docs/NEMFA.Bulletin.6.2011.b.opt.pdf]
[nemfa.org/docs/NEMFA.Bulletin.9.27.2011.opt.pdf]
[nemfa.org/docs/NEMFA.Bulletin.February.2012.opt.pdf]
[nemfa.org/docs/NEMFA.Bulletin.B&W.July.2012.opt.pdf]
[nemfa.org/docs/NEMFA.Bulletin.Color.July.2012.opt.pdf]
[nemfa.org/docs/NEMFA.Color.Final.Bulletin.October.2012.pdf]
[nemfa.org/docs/NEMFA.Bulletin.October.2012.1.pdf]
[nemfa.org/docs/NEMFA.Color.Bulletin.February.2013.1.pdf]
[nemfa.org/docs/NEMFA.Bulletin.February.2013.1.pdf]
[nemfa.org/docs/NEMFA.Bulletin.June.2013.color.opt.pdf]
[nemfa.org/docs/NEMFA.Bulletin.June.2013.BW.opt.pdf]
[nemfa.org/docs/z.9.2013.NEMFA.Bulletin.Color.opt.pdf]
[nemfa.org/Bulletins.html]
[nemfa.org/default.html]
[nemfa.org/docs/Constitution.pdf]
[nemfa.org/docs/Bylaws.pdf]
[nemfa.org/docs/SEFestivalNotes.pdf]
[nemfa.org/docs/Concert Policies Rules Regs.pdf]
[nemfa.org/docs/NEMFA Library Presentation.pdf]
[nemfa.org/docs/Handbook 2.pdf]
[nemfa.org/docs/host.pdf]
[nemfa.org/firstTimeUsers0f25.html]
[nemfa.org/images/btn_se_nav.gif]
[nemfa.org/docs/Handbook.pdf]
[nemfa.org/docs/Cutoff2014.pdf]
[nemfa.org/docs/vocalform.pdf]
[nemfa.org/docs/PresidentLtr.pdf]
[nemfa.org/docs/WindSolo.pdf]
[nemfa.org/docs/PercSolo.pdf]
[nemfa.org/docs/PianoSolo.pdf]
[nemfa.org/docs/StringSolo.pdf]
[nemfa.org/docs/Adjudication_VocalEns.pdf]
[nemfa.org/docs/DressCode.pdf]
[nemfa.org/docs/SE_StudentInformationForm_Blank.pdf]
[nemfa.org/docs/VoiceRevisionItalian.pdf]
[nemfa.org/sePage16db.html]
[nemfa.org/docs/ChorusRehearPolicy.pdf]
[nemfa.org/docs/1.NEMFA.Off.Season.Panel.Opt.pdf]
[nemfa.org/docs/1.Keene Area Accommodations.pdf]
[nemfa.org/docs/1.Driving Directions to Keene High School.pdf]
[nemfa.org/docs/1.Driving Directions Keene High School to Headquarters Hotel.pdf]
[nemfa.org/docs/1.Keene Area Restaurants.pdf]
[nemfa.org/docs/1.NEMFA.Heritage.Book.2015.pdf]
[nemfa.org/concertPagea0e5.html]
[nemfa.org/images/btn_search.gif]
[nemfa.org/musiclibrary.html]
[nemfa.org/events.html]
[nemfa.org/notices.html]
[nemfa.org/Notice_Detailb567.html]
[nemfa.org/sesearch.html]
[nemfa.org/Event_Detail0985.html]
[nemfa.org/Event_Detail651a.html]
[www.measuretwice.net/images/ttl_about.gif]
[www.measuretwice.net/images/tab_prod.gif]
[www.measuretwice.net/index.html]
[www.measuretwice.net/images/logo_pmfinal.gif]
[nemfa.org/people-2.html]
[nemfa.org/FAQ_Answer4a77.html]
[nemfa.org/FAQ_Answer3c27.html]
[nemfa.org/FAQ_Answer4445.html]
[nemfa.org/FAQ_Answerdb5d.html]
[nemfa.org/FAQ_Answerf9a9.html]
[nemfa.org/FAQ_Answer51c2.html]
[nemfa.org/FAQ_Answerd17a.html]
[nemfa.org/FAQ_Answer6566.html]
[nemfa.org/FAQ_Answerb4d1.html]
[nemfa.org/FAQ_Answer7cff.html]
[nemfa.org/FAQ_Answera983.html]
[nemfa.org/FAQ_Answer3c6f.html]
[nemfa.org/FAQ_Answerae86.html]
[nemfa.org/FAQ_Answer29b3.html]
[nemfa.org/FAQ_Answerdbc3.html]
[nemfa.org/FAQ_Answer4325.html]
[nemfa.org/FAQ_Answerc0fa.html]
[nemfa.org/emailAll.html]
[nemfa.org/peopleDetails22c3.html]
[nemfa.org/peopleDetailsa959.html]
[nemfa.org/images/2008820121921.jpg]
[nemfa.org/peopleDetails6904.html]
[nemfa.org/images/2008820122111.jpg]
[nemfa.org/peopleDetailsabf8.html]
[nemfa.org/images/2009617122846.jpg]
[nemfa.org/peopleDetailsb6f7.html]
[nemfa.org/images/2008820121952.jpg]
[nemfa.org/peopleDetails150c.html]
[nemfa.org/images/2008820122022.jpg]
[nemfa.org/peopleDetailsf292.html]
[nemfa.org/images/2008820122215.jpg]
[nemfa.org/peopleDetails81dc.html]
[nemfa.org/images/200882012233.jpg]
[nemfa.org/peopleDetails7a90.html]
[nemfa.org/peopleDetails2835.html]
[nemfa.org/images/201394195436.jpg]
[nemfa.org/peopleDetails48e7.html]
[nemfa.org/images/201133232141.jpg]
[nemfa.org/peopleDetails045d.html]
[nemfa.org/images/200882012247.jpg]
[nemfa.org/peopleDetails80a1.html]
[nemfa.org/images/2008820122129.jpg]
[nemfa.org/peopleDetails6764.html]
[nemfa.org/images/2008820122150.jpg]
[nemfa.org/peopleDetails1de2.html]
[nemfa.org/images/2008820122326.jpg]
[nemfa.org/peopleDetailsd96f.html]
[nemfa.org/images/2008820122345.jpg]
[nemfa.org/peopleDetails5791.html]
[nemfa.org/peopleDetailse893.html]
[nemfa.org/seSearch-2.html]
[www.nemfa.org/docs/NorthSiteDirections.pdf]
[nemfa.org/seDirections732b.html]
[nemfa.org/seProcedures995e.html]
[nemfa.org/concertDirections73a3.html]
[nemfa.org/printReport.html]
[nemfa.org/Event_Detail71b0.html]
[nemfa.org/Event_Detail5c8d.html]
[nemfa.org/Event_Detail9537.html]
[nemfa.org/Notice_Detaild5b4.html]
[nemfa.org/Notice_Detail4bb2.html]
[nemfa.org/Notice_Detaildc45.html]
[nemfa.org/Notice_Detail097d.html]
[nemfa.org/Notice_Detailf772.html]
[nemfa.org/Notice_Detail486c.html]
[nemfa.org/Notice_Detail3cd8.html]
[nemfa.org/Notice_Detail3129.html]
[nemfa.org/Notice_Detail024a.html]
[nemfa.org/Notice_Detail0fd6.html]
[nemfa.org/Notice_Detail79ee.html]
[nemfa.org/Notice_Detailfe1c.html]
[nemfa.org/Notice_Detail8eeb.html]
[nemfa.org/Notice_Detailfdcf.html]
[nemfa.org/Notice_Detail357b.html]
[nemfa.org/Notice_Detailcf28.html]
[nemfa.org/Notice_Detail1ec3.html]
[nemfa.org/Notice_Detail09f9.html]
[nemfa.org/Notice_Detail5717.html]
[nemfa.org/Notice_Detail76b3.html]
[nemfa.org/Notice_Detail043e.html]
[nemfa.org/Notice_Detail889a.html]
[nemfa.org/Notice_Detail5417.html]
[nemfa.org/Notice_Detail2787.html]
[nemfa.org/Notice_Detaild1d2.html]
[nemfa.org/Notice_Detailb7b8.html]
[nemfa.org/Notice_Detaile3cf.html]
[nemfa.org/Notice_Detail4893.html]
[nemfa.org/Notice_Detaile8f5.html]
[nemfa.org/Notice_Detail4133.html]
[www.measuretwice.net/images/toplogo.gif]
[www.measuretwice.net/style.css]
[www.measuretwice.net/default.html]
[www.measuretwice.net/images/ttl_contact.gif]
[www.measuretwice.net/contact.html]
[nemfa.org/images/m2_nophoto.html]
